/Users/entropy/pico2w-tfm-tflm/lib/tflm_lib/./tensorflow/lite/kernels/padding.h:44:12:int tflite::ComputeOutSize(TfLitePadding, int, int, int, int)	8	static
/Users/entropy/pico2w-tfm-tflm/lib/tflm_lib/tensorflow/lite/micro/kernels/depthwise_conv_common.cc:42:17:tflite::DepthwiseParams tflite::DepthwiseConvParamsFloat(const TfLiteDepthwiseConvParams&, const OpDataConv&)	16	static
/Users/entropy/pico2w-tfm-tflm/lib/tflm_lib/tensorflow/lite/micro/kernels/depthwise_conv_common.cc:60:17:tflite::DepthwiseParams tflite::DepthwiseConvParamsQuantized(const TfLiteDepthwiseConvParams&, const OpDataConv&)	16	static
/Users/entropy/pico2w-tfm-tflm/lib/tflm_lib/tensorflow/lite/micro/kernels/depthwise_conv_common.cc:81:14:TfLiteStatus tflite::CalculateOpDataDepthwiseConv(TfLiteContext*, TfLiteNode*, const TfLiteDepthwiseConvParams&, int, int, int, int, int, int, TfLiteType, OpDataConv*)	96	static
/Users/entropy/pico2w-tfm-tflm/lib/tflm_lib/tensorflow/lite/micro/kernels/depthwise_conv_common.cc:139:14:TfLiteStatus tflite::DepthwiseConvPrepare(TfLiteContext*, TfLiteNode*)	136	static
