/Users/entropy/pico2w-tfm-tflm/lib/tflm_lib/tensorflow/lite/micro/kernels/pooling.cc:94:7:void* tflite::{anonymous}::PoolInit(TfLiteContext*, const char*, size_t)	8	static
/Users/entropy/pico2w-tfm-tflm/lib/tflm_lib/./tensorflow/lite/kernels/internal/runtime_shape.h:67:11:int32_t tflite::RuntimeShape::Dims(int) const	8	static
/Users/entropy/pico2w-tfm-tflm/lib/tflm_lib/./tensorflow/lite/kernels/internal/runtime_shape.h:133:12:int tflite::Offset(const RuntimeShape&, int, int, int, int)	16	static
/Users/entropy/pico2w-tfm-tflm/lib/tflm_lib/./tensorflow/lite/kernels/internal/types.h:265:12:int tflite::MatchingDim(const RuntimeShape&, int, const RuntimeShape&, int)	16	static
/Users/entropy/pico2w-tfm-tflm/lib/tflm_lib/tensorflow/lite/micro/kernels/pooling.cc:61:14:TfLiteStatus tflite::{anonymous}::MaxEval(TfLiteContext*, TfLiteNode*)	256	static
/Users/entropy/pico2w-tfm-tflm/lib/tflm_lib/tensorflow/lite/micro/kernels/pooling.cc:27:14:TfLiteStatus tflite::{anonymous}::AverageEval(TfLiteContext*, TfLiteNode*)	264	static
/Users/entropy/pico2w-tfm-tflm/lib/tflm_lib/tensorflow/lite/micro/kernels/pooling.cc:101:18:TFLMRegistration tflite::Register_AVERAGE_POOL_2D()	16	static
/Users/entropy/pico2w-tfm-tflm/lib/tflm_lib/tensorflow/lite/micro/kernels/pooling.cc:105:18:TFLMRegistration tflite::Register_MAX_POOL_2D()	16	static
