/Users/entropy/pico2w-tfm-tflm/lib/tflm_lib/./tensorflow/lite/kernels/internal/runtime_shape.h:67:11:int32_t tflite::RuntimeShape::Dims(int) const	8	static
/Users/entropy/pico2w-tfm-tflm/lib/tflm_lib/./tensorflow/lite/kernels/internal/runtime_shape.h:133:12:int tflite::Offset(const RuntimeShape&, int, int, int, int)	16	static
/Users/entropy/pico2w-tfm-tflm/lib/tflm_lib/./tensorflow/lite/kernels/internal/types.h:265:12:int tflite::MatchingDim(const RuntimeShape&, int, const RuntimeShape&, int)	16	static
/Users/entropy/pico2w-tfm-tflm/lib/tflm_lib/./tensorflow/lite/kernels/padding.h:44:12:int tflite::ComputeOutSize(TfLitePadding, int, int, int, int)	8	static
/Users/entropy/pico2w-tfm-tflm/lib/tflm_lib/tensorflow/lite/micro/kernels/pooling_common.cc:30:14:TfLiteStatus tflite::CalculateOpDataPooling(const TfLiteContext*, const TfLitePoolParams*, const TfLiteTensor*, const TfLiteTensor*, OpDataPooling*)	56	static
/Users/entropy/pico2w-tfm-tflm/lib/tflm_lib/tensorflow/lite/micro/kernels/pooling_common.cc:50:14:TfLiteStatus tflite::PoolingPrepare(TfLiteContext*, TfLiteNode*)	40	static
/Users/entropy/pico2w-tfm-tflm/lib/tflm_lib/tensorflow/lite/micro/kernels/pooling_common.cc:97:6:void tflite::AveragePoolingEvalFloat(const TfLiteContext*, const TfLiteNode*, const TfLitePoolParams*, const OpDataPooling*, const TfLiteEvalTensor*, TfLiteEvalTensor*)	208	static
/Users/entropy/pico2w-tfm-tflm/lib/tflm_lib/tensorflow/lite/micro/kernels/pooling_common.cc:118:6:void tflite::MaxPoolingEvalFloat(TfLiteContext*, TfLiteNode*, TfLitePoolParams*, const OpDataPooling*, const TfLiteEvalTensor*, TfLiteEvalTensor*)	208	static
