/Users/entropy/pico2w-tfm-tflm/lib/tflm_lib/./tensorflow/lite/micro/micro_mutable_op_resolver.h:49:7:virtual tflite::MicroMutableOpResolver<16>::~MicroMutableOpResolver()	0	static
/Users/entropy/pico2w-tfm-tflm/lib/tflm_lib/./tensorflow/lite/micro/micro_mutable_op_resolver.h:78:36:TfLiteStatus (* tflite::MicroMutableOpResolver<tOpCount>::GetOpDataParser(tflite::BuiltinOperator) const)(const tflite::Operator*, tflite::ErrorReporter*, tflite::BuiltinDataAllocator*, void**) [with unsigned int tOpCount = 16]	16	static
/Users/entropy/pico2w-tfm-tflm/lib/tflm_lib/./tensorflow/lite/micro/micro_mutable_op_resolver.h:67:27:const TFLMRegistration* tflite::MicroMutableOpResolver<tOpCount>::FindOp(const char*) const [with unsigned int tOpCount = 16]	24	static
/Users/entropy/pico2w-tfm-tflm/lib/tflm_lib/./tensorflow/lite/micro/micro_mutable_op_resolver.h:55:27:const TFLMRegistration* tflite::MicroMutableOpResolver<tOpCount>::FindOp(tflite::BuiltinOperator) const [with unsigned int tOpCount = 16]	20	static
/Users/entropy/pico2w-tfm-tflm/lib/tflm_lib/./tensorflow/lite/micro/micro_mutable_op_resolver.h:671:16:TfLiteStatus tflite::MicroMutableOpResolver<tOpCount>::AddBuiltin(tflite::BuiltinOperator, const TFLMRegistration&, tflite::TfLiteBridgeBuiltinParseFunction) [with unsigned int tOpCount = 16]	24	static
/Users/entropy/pico2w-tfm-tflm/lib/tflm_lib/src/tflm_c_api.cpp:24:15:tflm_status_t tflm_create_interpreter(const uint8_t*, size_t, uint8_t*, size_t, tflm_interpreter_t**)	80	static
/Users/entropy/pico2w-tfm-tflm/lib/tflm_lib/src/tflm_c_api.cpp:96:15:tflm_status_t tflm_destroy_interpreter(tflm_interpreter_t*)	8	static
/Users/entropy/pico2w-tfm-tflm/lib/tflm_lib/src/tflm_c_api.cpp:105:15:tflm_status_t tflm_get_input_size(tflm_interpreter_t*, size_t*)	8	static
/Users/entropy/pico2w-tfm-tflm/lib/tflm_lib/src/tflm_c_api.cpp:119:15:tflm_status_t tflm_get_output_size(tflm_interpreter_t*, size_t*)	8	static
/Users/entropy/pico2w-tfm-tflm/lib/tflm_lib/src/tflm_c_api.cpp:133:15:tflm_status_t tflm_set_input_data(tflm_interpreter_t*, const uint8_t*, size_t)	16	static
/Users/entropy/pico2w-tfm-tflm/lib/tflm_lib/src/tflm_c_api.cpp:153:15:tflm_status_t tflm_get_output_data(tflm_interpreter_t*, uint8_t*, size_t)	16	static
/Users/entropy/pico2w-tfm-tflm/lib/tflm_lib/src/tflm_c_api.cpp:172:15:tflm_status_t tflm_invoke(tflm_interpreter_t*)	8	static
/Users/entropy/pico2w-tfm-tflm/lib/tflm_lib/src/tflm_c_api.cpp:185:13:const char* tflm_status_string(tflm_status_t)	0	static
