/Applications/ArmGNUToolchain/14.2.rel1/arm-none-eabi/arm-none-eabi/include/c++/14.2.1/bits/stl_algo.h:3318:5:constexpr std::pair<_FIter, _FIter> std::__minmax_element(_ForwardIterator, _ForwardIterator, _Compare) [with _ForwardIterator = const float*; _Compare = __gnu_cxx::__ops::_Iter_less_iter]	48	static
/Users/entropy/pico2w-tfm-tflm/lib/tflm_lib/third_party/gemmlowp/fixedpoint/fixedpoint.h:329:21:IntegerType gemmlowp::SaturatingRoundingDoublingHighMul(IntegerType, IntegerType) [with IntegerType = long int]	8	static
/Users/entropy/pico2w-tfm-tflm/lib/tflm_lib/third_party/gemmlowp/fixedpoint/fixedpoint.h:342:21:IntegerType gemmlowp::SaturatingRoundingDoublingHighMul(IntegerType, IntegerType) [with IntegerType = short int]	0	static
/Users/entropy/pico2w-tfm-tflm/lib/tflm_lib/tensorflow/lite/kernels/internal/reference/portable_tensor_utils.cc:52:6:void tflite::tensor_utils::PortableSymmetricQuantizeFloats(const float*, int, int8_t*, float, float, float*)	32	static
/Users/entropy/pico2w-tfm-tflm/lib/tflm_lib/tensorflow/lite/kernels/internal/reference/portable_tensor_utils.cc:41:6:void tflite::tensor_utils::PortableSymmetricQuantizeFloats(const float*, int, int8_t*, float*, float*, float*)	40	static
/Users/entropy/pico2w-tfm-tflm/lib/tflm_lib/tensorflow/lite/kernels/internal/reference/portable_tensor_utils.cc:74:6:void tflite::tensor_utils::PortableAsymmetricQuantizeFloats(const float*, int, int8_t*, float*, int32_t*)	64	static
/Users/entropy/pico2w-tfm-tflm/lib/tflm_lib/tensorflow/lite/kernels/internal/reference/portable_tensor_utils.cc:121:6:void tflite::tensor_utils::PortableMatrixBatchVectorMultiplyAccumulate(const float*, int, int, const float*, int, float*)	64	static
/Users/entropy/pico2w-tfm-tflm/lib/tflm_lib/tensorflow/lite/kernels/internal/reference/portable_tensor_utils.cc:140:6:void tflite::tensor_utils::PortableMatrixBatchVectorMultiplyAccumulate(const int8_t*, int, int, const int8_t*, const float*, int, float*)	56	static
/Users/entropy/pico2w-tfm-tflm/lib/tflm_lib/tensorflow/lite/kernels/internal/reference/portable_tensor_utils.cc:165:6:void tflite::tensor_utils::PortableMatrixBatchVectorMultiplyAccumulate(const int8_t*, int, int, const int8_t*, const float*, int, float*, const float*, const int32_t*, int32_t*, int32_t*, bool*, tflite::CpuBackendContext*)	88	static
/Users/entropy/pico2w-tfm-tflm/lib/tflm_lib/tensorflow/lite/kernels/internal/reference/portable_tensor_utils.cc:208:6:void tflite::tensor_utils::PortableSparseMatrixBatchVectorMultiplyAccumulate1x4(const float*, const int32_t*, const int32_t*, int, int, const float*, int, float*)	80	static
/Users/entropy/pico2w-tfm-tflm/lib/tflm_lib/tensorflow/lite/kernels/internal/reference/portable_tensor_utils.cc:232:6:void tflite::tensor_utils::PortableSparseMatrixBatchVectorMultiplyAccumulate1x16(const int8_t*, const int32_t*, const int32_t*, int, int, const int8_t*, const int32_t*, int, int32_t, int32_t, int32_t, const int32_t*, const int32_t*, int32_t, int32_t, int32_t, int8_t*)	72	static
/Users/entropy/pico2w-tfm-tflm/lib/tflm_lib/tensorflow/lite/kernels/internal/reference/portable_tensor_utils.cc:270:6:void tflite::tensor_utils::PortableSparseMatrixBatchVectorMultiplyAccumulate(const float*, const uint8_t*, int, int, const float*, int, float*)	80	static
/Users/entropy/pico2w-tfm-tflm/lib/tflm_lib/tensorflow/lite/kernels/internal/reference/portable_tensor_utils.cc:299:6:void tflite::tensor_utils::PortableSparseMatrixBatchVectorMultiplyAccumulate(const int8_t*, const uint8_t*, int, int, const int8_t*, const float*, int, float*, const float*)	72	static
/Users/entropy/pico2w-tfm-tflm/lib/tflm_lib/tensorflow/lite/kernels/internal/reference/portable_tensor_utils.cc:367:6:void tflite::tensor_utils::PortableMatrixBatchVectorMultiplyAccumulate(const int8_t*, const int32_t*, const int8_t*, int32_t, int32_t, int32_t, int32_t, int32_t, int32_t, int32_t*, int16_t*, tflite::CpuBackendContext*)	48	static
/Users/entropy/pico2w-tfm-tflm/lib/tflm_lib/tensorflow/lite/kernels/internal/reference/portable_tensor_utils.cc:377:6:void tflite::tensor_utils::PortableMatrixBatchVectorMultiplyAccumulate(const int8_t*, const int32_t*, const int8_t*, int32_t, int32_t, int32_t, int32_t, int32_t, int32_t, int32_t*, int8_t*, tflite::CpuBackendContext*)	48	static
/Users/entropy/pico2w-tfm-tflm/lib/tflm_lib/tensorflow/lite/kernels/internal/reference/portable_tensor_utils.cc:387:6:void tflite::tensor_utils::PortableMatrixBatchVectorMultiply(const int8_t*, int32_t, const int8_t*, int32_t, int32_t, int32_t, int32_t, int32_t, int8_t*, int8_t)	56	static
/Users/entropy/pico2w-tfm-tflm/lib/tflm_lib/tensorflow/lite/kernels/internal/reference/portable_tensor_utils.cc:419:6:void tflite::tensor_utils::PortableMatrixBatchVectorMultiply(const int16_t*, const int8_t*, int32_t, int32_t, const int32_t*, int32_t, int32_t, int32_t, int32_t, int8_t*)	64	static
/Users/entropy/pico2w-tfm-tflm/lib/tflm_lib/tensorflow/lite/kernels/internal/reference/portable_tensor_utils.cc:505:6:void tflite::tensor_utils::PortableApplyLayerNormFloat(const int16_t*, const int16_t*, int32_t, int32_t, const int32_t*, int, int, int16_t*)	64	static
/Users/entropy/pico2w-tfm-tflm/lib/tflm_lib/tensorflow/lite/kernels/internal/reference/portable_tensor_utils.cc:550:6:void tflite::tensor_utils::PortableMatrixScalarMultiplyAccumulate(const int8_t*, int32_t, int32_t, int32_t, int32_t*)	20	static
/Users/entropy/pico2w-tfm-tflm/lib/tflm_lib/tensorflow/lite/kernels/internal/reference/portable_tensor_utils.cc:576:6:void tflite::tensor_utils::PortableApplySigmoidFloat(const int16_t*, int32_t, int32_t, int16_t*)	48	static
/Users/entropy/pico2w-tfm-tflm/lib/tflm_lib/tensorflow/lite/kernels/internal/reference/portable_tensor_utils.cc:631:6:void tflite::tensor_utils::PortableApplyTanhFloat(const int16_t*, int32_t, int32_t, int32_t, int16_t*)	56	static
/Users/entropy/pico2w-tfm-tflm/lib/tflm_lib/tensorflow/lite/kernels/internal/reference/portable_tensor_utils.cc:666:6:void tflite::tensor_utils::PortableCwiseMul(const int16_t*, const int16_t*, int32_t, int32_t, int32_t, int32_t, int32_t, int8_t*)	48	static
/Users/entropy/pico2w-tfm-tflm/lib/tflm_lib/tensorflow/lite/kernels/internal/reference/portable_tensor_utils.cc:685:6:void tflite::tensor_utils::PortableCwiseAdd(const int16_t*, const int16_t*, int, int, int16_t*)	36	static
/Users/entropy/pico2w-tfm-tflm/lib/tflm_lib/tensorflow/lite/kernels/internal/reference/portable_tensor_utils.cc:697:7:float tflite::tensor_utils::PortableVectorVectorDotProduct(const float*, const float*, int)	24	static
/Users/entropy/pico2w-tfm-tflm/lib/tflm_lib/tensorflow/lite/kernels/internal/reference/portable_tensor_utils.cc:717:6:void tflite::tensor_utils::PortableBatchVectorBatchVectorDotProduct(const int16_t*, const int16_t*, int, int, int32_t*)	24	static
/Users/entropy/pico2w-tfm-tflm/lib/tflm_lib/tensorflow/lite/kernels/internal/reference/portable_tensor_utils.cc:728:6:void tflite::tensor_utils::PortableVectorBatchVectorCwiseProductAccumulate(const int16_t*, int, const int16_t*, int, int32_t, int, int16_t*)	48	static
/Users/entropy/pico2w-tfm-tflm/lib/tflm_lib/tensorflow/lite/kernels/internal/reference/portable_tensor_utils.cc:743:6:void tflite::tensor_utils::PortableSub1Vector(const float*, int, float*)	24	static
/Users/entropy/pico2w-tfm-tflm/lib/tflm_lib/tensorflow/lite/kernels/internal/reference/portable_tensor_utils.cc:749:6:void tflite::tensor_utils::PortableSub1Vector(const int16_t*, int, int16_t*)	12	static
/Users/entropy/pico2w-tfm-tflm/lib/tflm_lib/tensorflow/lite/kernels/internal/reference/portable_tensor_utils.cc:756:6:void tflite::tensor_utils::PortableVectorScalarMultiply(const int8_t*, int, float, float*)	24	static
/Users/entropy/pico2w-tfm-tflm/lib/tflm_lib/tensorflow/lite/kernels/internal/reference/portable_tensor_utils.cc:763:6:void tflite::tensor_utils::PortableMeanStddevNormalization(const float*, float*, int, int)	56	static
/Users/entropy/pico2w-tfm-tflm/lib/tflm_lib/tensorflow/lite/kernels/internal/reference/portable_tensor_utils.cc:789:6:void tflite::tensor_utils::PortableTwoGateSaturatingAdd(const int8_t*, int8_t, const int8_t*, int8_t, int32_t, int32_t, int32_t, int32_t, int32_t, int32_t, int16_t*)	40	static
/Users/entropy/pico2w-tfm-tflm/lib/tflm_lib/third_party/gemmlowp/fixedpoint/fixedpoint.h:357:20:IntegerType gemmlowp::RoundingDivideByPOT(IntegerType, int) [with IntegerType = long int]	8	static
/Users/entropy/pico2w-tfm-tflm/lib/tflm_lib/./tensorflow/lite/kernels/internal/common.h:916:13:void tflite::GetInvSqrtQuantizedMultiplierExp(int32_t, int, int32_t*, int*)	40	static
/Users/entropy/pico2w-tfm-tflm/lib/tflm_lib/tensorflow/lite/kernels/internal/reference/portable_tensor_utils.cc:455:6:void tflite::tensor_utils::PortableApplyLayerNorm(const int16_t*, const int16_t*, const int32_t*, int32_t, int32_t, int32_t, int, int, int16_t*)	72	static
/Users/entropy/pico2w-tfm-tflm/lib/tflm_lib/tensorflow/lite/kernels/internal/reference/portable_tensor_utils.cc:652:6:void tflite::tensor_utils::PortableCwiseMul(const int16_t*, const int16_t*, int, int, int, int16_t*)	48	static
/Users/entropy/pico2w-tfm-tflm/lib/tflm_lib/third_party/gemmlowp/fixedpoint/fixedpoint.h:687:47:typename FixedPointType::ScalarRawType gemmlowp::RescaleConstantInitializer(int32_t) [with FixedPointType = FixedPoint<short int, 0>]	8	static
/Users/entropy/pico2w-tfm-tflm/lib/tflm_lib/third_party/gemmlowp/fixedpoint/fixedpoint.h:539:55:gemmlowp::FixedPoint<tRawType, (tIntegerBits_a + tIntegerBits_b)> gemmlowp::operator*(FixedPoint<tRawType, tIntegerBits_a>, FixedPoint<tRawType, tIntegerBits_b>) [with tRawType = short int; int tIntegerBits_a = 0; int tIntegerBits_b = 0]	8	static
/Users/entropy/pico2w-tfm-tflm/lib/tflm_lib/third_party/gemmlowp/fixedpoint/fixedpoint.h:721:25:gemmlowp::FixedPoint<tRawType, 0> gemmlowp::exp_on_interval_between_negative_one_quarter_and_0_excl(FixedPoint<tRawType, 0>) [with tRawType = short int]	24	static
/Users/entropy/pico2w-tfm-tflm/lib/tflm_lib/third_party/gemmlowp/fixedpoint/fixedpoint.h:746:25:gemmlowp::FixedPoint<tRawType, 0> gemmlowp::exp_on_negative_values(FixedPoint<tRawType, tIntegerBits_a>) [with tRawType = short int; int tIntegerBits = 3]	32	static
/Users/entropy/pico2w-tfm-tflm/lib/tflm_lib/third_party/gemmlowp/fixedpoint/fixedpoint.h:668:39:gemmlowp::FixedPoint<tRawType, tIntegerBitsDst> gemmlowp::Rescale(FixedPoint<tRawType, tIntegerBits>) [with int tIntegerBitsDst = 0; tRawType = short int; int tIntegerBitsSrc = 1]	0	static
/Users/entropy/pico2w-tfm-tflm/lib/tflm_lib/third_party/gemmlowp/fixedpoint/fixedpoint.h:746:25:gemmlowp::FixedPoint<tRawType, 0> gemmlowp::exp_on_negative_values(FixedPoint<tRawType, tIntegerBits_a>) [with tRawType = short int; int tIntegerBits = 1]	24	static
/Users/entropy/pico2w-tfm-tflm/lib/tflm_lib/third_party/gemmlowp/fixedpoint/fixedpoint.h:746:25:gemmlowp::FixedPoint<tRawType, 0> gemmlowp::exp_on_negative_values(FixedPoint<tRawType, tIntegerBits_a>) [with tRawType = short int; int tIntegerBits = 4]	24	static
/Users/entropy/pico2w-tfm-tflm/lib/tflm_lib/third_party/gemmlowp/fixedpoint/fixedpoint.h:746:25:gemmlowp::FixedPoint<tRawType, 0> gemmlowp::exp_on_negative_values(FixedPoint<tRawType, tIntegerBits_a>) [with tRawType = short int; int tIntegerBits = 5]	24	static
/Users/entropy/pico2w-tfm-tflm/lib/tflm_lib/third_party/gemmlowp/fixedpoint/fixedpoint.h:746:25:gemmlowp::FixedPoint<tRawType, 0> gemmlowp::exp_on_negative_values(FixedPoint<tRawType, tIntegerBits_a>) [with tRawType = short int; int tIntegerBits = 6]	32	static
/Users/entropy/pico2w-tfm-tflm/lib/tflm_lib/third_party/gemmlowp/fixedpoint/fixedpoint.h:746:25:gemmlowp::FixedPoint<tRawType, 0> gemmlowp::exp_on_negative_values(FixedPoint<tRawType, tIntegerBits_a>) [with tRawType = short int; int tIntegerBits = 7]	32	static
/Users/entropy/pico2w-tfm-tflm/lib/tflm_lib/third_party/gemmlowp/fixedpoint/fixedpoint.h:385:22:static IntegerType gemmlowp::ImplSaturatingRoundingMultiplyByPOT<Exponent, IntegerType, 1>::eval(IntegerType) [with int Exponent = 2; IntegerType = short int]	0	static
/Users/entropy/pico2w-tfm-tflm/lib/tflm_lib/third_party/gemmlowp/fixedpoint/fixedpoint.h:746:25:gemmlowp::FixedPoint<tRawType, 0> gemmlowp::exp_on_negative_values(FixedPoint<tRawType, tIntegerBits_a>) [with tRawType = short int; int tIntegerBits = 2]	32	static
/Users/entropy/pico2w-tfm-tflm/lib/tflm_lib/third_party/gemmlowp/fixedpoint/fixedpoint.h:842:25:gemmlowp::FixedPoint<tRawType, 0> gemmlowp::one_over_one_plus_x_for_x_in_0_1(FixedPoint<tRawType, 0>) [with tRawType = short int]	16	static
/Users/entropy/pico2w-tfm-tflm/lib/tflm_lib/tensorflow/lite/kernels/internal/reference/portable_tensor_utils.cc:562:6:void tflite::tensor_utils::PortableApplySigmoid(const int16_t*, int32_t, int32_t, int16_t*)	64	static
/Users/entropy/pico2w-tfm-tflm/lib/tflm_lib/third_party/gemmlowp/fixedpoint/fixedpoint.h:795:25:gemmlowp::FixedPoint<tRawType, 0> gemmlowp::one_minus_x_over_one_plus_x_for_x_in_0_1(FixedPoint<tRawType, 0>) [with tRawType = short int]	16	static
/Users/entropy/pico2w-tfm-tflm/lib/tflm_lib/tensorflow/lite/kernels/internal/reference/portable_tensor_utils.cc:596:6:void tflite::tensor_utils::PortableApplyTanhImpl(const int16_t*, int32_t, int32_t, int16_t*) [with int IntegerBits = 2]	56	static
/Users/entropy/pico2w-tfm-tflm/lib/tflm_lib/tensorflow/lite/kernels/internal/reference/portable_tensor_utils.cc:596:6:void tflite::tensor_utils::PortableApplyTanhImpl(const int16_t*, int32_t, int32_t, int16_t*) [with int IntegerBits = 0]	56	static
/Users/entropy/pico2w-tfm-tflm/lib/tflm_lib/tensorflow/lite/kernels/internal/reference/portable_tensor_utils.cc:596:6:void tflite::tensor_utils::PortableApplyTanhImpl(const int16_t*, int32_t, int32_t, int16_t*) [with int IntegerBits = 1]	56	static
/Users/entropy/pico2w-tfm-tflm/lib/tflm_lib/tensorflow/lite/kernels/internal/reference/portable_tensor_utils.cc:596:6:void tflite::tensor_utils::PortableApplyTanhImpl(const int16_t*, int32_t, int32_t, int16_t*) [with int IntegerBits = 3]	56	static
/Users/entropy/pico2w-tfm-tflm/lib/tflm_lib/tensorflow/lite/kernels/internal/reference/portable_tensor_utils.cc:596:6:void tflite::tensor_utils::PortableApplyTanhImpl(const int16_t*, int32_t, int32_t, int16_t*) [with int IntegerBits = 4]	56	static
/Users/entropy/pico2w-tfm-tflm/lib/tflm_lib/tensorflow/lite/kernels/internal/reference/portable_tensor_utils.cc:596:6:void tflite::tensor_utils::PortableApplyTanhImpl(const int16_t*, int32_t, int32_t, int16_t*) [with int IntegerBits = 5]	56	static
/Users/entropy/pico2w-tfm-tflm/lib/tflm_lib/tensorflow/lite/kernels/internal/reference/portable_tensor_utils.cc:596:6:void tflite::tensor_utils::PortableApplyTanhImpl(const int16_t*, int32_t, int32_t, int16_t*) [with int IntegerBits = 6]	56	static
/Users/entropy/pico2w-tfm-tflm/lib/tflm_lib/tensorflow/lite/kernels/internal/reference/portable_tensor_utils.cc:610:6:void tflite::tensor_utils::PortableApplyTanh(int32_t, const int16_t*, int32_t, int32_t, int16_t*)	16	static
