/Users/entropy/pico2w-tfm-tflm/lib/tflm_lib/./tensorflow/lite/micro/micro_interpreter_graph.h:99:27:virtual tflite::MicroResourceVariables* tflite::MicroInterpreterGraph::GetResourceVariables()	0	static
/Users/entropy/pico2w-tfm-tflm/lib/tflm_lib/tensorflow/lite/micro/micro_interpreter_graph.cc:61:1:virtual tflite::MicroInterpreterGraph::~MicroInterpreterGraph()	0	static
/Users/entropy/pico2w-tfm-tflm/lib/tflm_lib/tensorflow/lite/micro/micro_interpreter_graph.cc:63:14:virtual TfLiteStatus tflite::MicroInterpreterGraph::InitSubgraphs()	32	static
/Users/entropy/pico2w-tfm-tflm/lib/tflm_lib/tensorflow/lite/micro/micro_interpreter_graph.cc:138:14:virtual TfLiteStatus tflite::MicroInterpreterGraph::ResetSubgraphs()	32	static
/Users/entropy/pico2w-tfm-tflm/lib/tflm_lib/tensorflow/lite/micro/micro_interpreter_graph.cc:168:14:virtual TfLiteStatus tflite::MicroInterpreterGraph::FreeSubgraphs()	32	static
/Users/entropy/pico2w-tfm-tflm/lib/tflm_lib/tensorflow/lite/micro/micro_interpreter_graph.cc:37:13:const char* tflite::{anonymous}::OpNameFromRegistration(const TFLMRegistration*)	0	static
/Users/entropy/pico2w-tfm-tflm/lib/tflm_lib/tensorflow/lite/micro/micro_interpreter_graph.cc:101:14:virtual TfLiteStatus tflite::MicroInterpreterGraph::PrepareSubgraphs()	40	static
/Users/entropy/pico2w-tfm-tflm/lib/tflm_lib/third_party/flatbuffers/include/flatbuffers/table.h:35:13:flatbuffers::voffset_t flatbuffers::Table::GetOptionalFieldOffset(flatbuffers::voffset_t) const	0	static
/Users/entropy/pico2w-tfm-tflm/lib/tflm_lib/./tensorflow/lite/schema/schema_generated.h:16813:73:const flatbuffers::Vector<flatbuffers::Offset<tflite::SubGraph> >* tflite::Model::subgraphs() const	8	static
/Users/entropy/pico2w-tfm-tflm/lib/tflm_lib/tensorflow/lite/micro/micro_interpreter_graph.cc:281:5:virtual int tflite::MicroInterpreterGraph::NumSubgraphs()	8	static
/Users/entropy/pico2w-tfm-tflm/lib/tflm_lib/./tensorflow/lite/micro/micro_profiler.h:126:3:tflite::ScopedMicroProfiler::~ScopedMicroProfiler()	8	static
/Users/entropy/pico2w-tfm-tflm/lib/tflm_lib/tensorflow/lite/micro/micro_interpreter_graph.cc:198:14:virtual TfLiteStatus tflite::MicroInterpreterGraph::InvokeSubgraph(int)	48	static
/Users/entropy/pico2w-tfm-tflm/lib/tflm_lib/tensorflow/lite/micro/micro_interpreter_graph.cc:47:1:tflite::MicroInterpreterGraph::MicroInterpreterGraph(TfLiteContext*, const tflite::Model*, tflite::MicroAllocator*, tflite::MicroResourceVariables*)	8	static
/Users/entropy/pico2w-tfm-tflm/lib/tflm_lib/tensorflow/lite/micro/micro_interpreter_graph.cc:285:6:void tflite::MicroInterpreterGraph::SetSubgraphAllocations(tflite::SubgraphAllocations*)	0	static
/Users/entropy/pico2w-tfm-tflm/lib/tflm_lib/third_party/flatbuffers/include/flatbuffers/vector.h:175:15:flatbuffers::Vector<T, SizeT>::return_type flatbuffers::Vector<T, SizeT>::Get(SizeT) const [with T = long int; SizeT = long unsigned int]	8	static
/Users/entropy/pico2w-tfm-tflm/lib/tflm_lib/third_party/flatbuffers/include/flatbuffers/vector.h:175:15:flatbuffers::Vector<T, SizeT>::return_type flatbuffers::Vector<T, SizeT>::Get(SizeT) const [with T = flatbuffers::Offset<tflite::SubGraph>; SizeT = long unsigned int]	8	static
/Users/entropy/pico2w-tfm-tflm/lib/tflm_lib/tensorflow/lite/micro/micro_interpreter_graph.cc:254:14:virtual TfLiteStatus tflite::MicroInterpreterGraph::ResetVariableTensors()	56	static
/Users/entropy/pico2w-tfm-tflm/lib/tflm_lib/third_party/flatbuffers/include/flatbuffers/table.h:51:5:P flatbuffers::Table::GetPointer(flatbuffers::voffset_t) [with P = const flatbuffers::Vector<long int>*; OffsetSize = long unsigned int]	8	static
/Users/entropy/pico2w-tfm-tflm/lib/tflm_lib/tensorflow/lite/micro/micro_interpreter_graph.cc:294:19:virtual TfLiteEvalTensor* tflite::MicroInterpreterGraph::GetSubgraphInput(int, int)	16	static
/Users/entropy/pico2w-tfm-tflm/lib/tflm_lib/tensorflow/lite/micro/micro_interpreter_graph.cc:307:19:virtual TfLiteEvalTensor* tflite::MicroInterpreterGraph::GetSubgraphOutput(int, int)	16	static
/Users/entropy/pico2w-tfm-tflm/lib/tflm_lib/tensorflow/lite/micro/micro_interpreter_graph.cc:290:8:virtual size_t tflite::MicroInterpreterGraph::NumSubgraphInputs(int)	8	static
/Users/entropy/pico2w-tfm-tflm/lib/tflm_lib/tensorflow/lite/micro/micro_interpreter_graph.cc:301:8:virtual size_t tflite::MicroInterpreterGraph::NumSubgraphOutputs(int)	8	static
