/Users/entropy/pico2w-tfm-tflm/lib/tflm_lib/./tensorflow/lite/micro/micro_context.h:183:14:void* tflite::MicroContextAllocatePersistentBuffer(TfLiteContext*, size_t)	0	static
/Users/entropy/pico2w-tfm-tflm/lib/tflm_lib/./tensorflow/lite/micro/micro_context.h:187:21:TfLiteStatus tflite::MicroContextRequestScratchBufferInArena(TfLiteContext*, size_t, int*)	0	static
/Users/entropy/pico2w-tfm-tflm/lib/tflm_lib/./tensorflow/lite/micro/micro_context.h:192:14:void* tflite::MicroContextGetScratchBuffer(TfLiteContext*, int)	0	static
/Users/entropy/pico2w-tfm-tflm/lib/tflm_lib/./tensorflow/lite/micro/micro_context.h:195:22:TfLiteTensor* tflite::MicroContextGetTensor(const TfLiteContext*, int)	0	static
/Users/entropy/pico2w-tfm-tflm/lib/tflm_lib/./tensorflow/lite/micro/micro_context.h:199:26:TfLiteEvalTensor* tflite::MicroContextGetEvalTensor(const TfLiteContext*, int)	0	static
/Users/entropy/pico2w-tfm-tflm/lib/tflm_lib/./tensorflow/lite/micro/micro_context.h:203:31:TfLiteExternalContext* tflite::MicroContextGetExternalContext(TfLiteContext*, TfLiteExternalContextType)	0	static
/Users/entropy/pico2w-tfm-tflm/lib/tflm_lib/third_party/flatbuffers/include/flatbuffers/table.h:35:13:flatbuffers::voffset_t flatbuffers::Table::GetOptionalFieldOffset(flatbuffers::voffset_t) const	0	static
/Users/entropy/pico2w-tfm-tflm/lib/tflm_lib/./tensorflow/lite/schema/schema_generated.h:1680:20:const char* tflite::EnumNameBuiltinOperator(BuiltinOperator)	0	static
/Users/entropy/pico2w-tfm-tflm/lib/tflm_lib/./tensorflow/lite/schema/schema_generated.h:16813:73:const flatbuffers::Vector<flatbuffers::Offset<tflite::SubGraph> >* tflite::Model::subgraphs() const	8	static
/Users/entropy/pico2w-tfm-tflm/lib/tflm_lib/tensorflow/lite/micro/micro_interpreter.cc:90:6:void tflite::MicroInterpreter::Init(tflite::MicroProfilerInterface*)	16	static
/Users/entropy/pico2w-tfm-tflm/lib/tflm_lib/tensorflow/lite/micro/micro_interpreter.cc:46:1:tflite::MicroInterpreter::MicroInterpreter(const tflite::Model*, const tflite::MicroOpResolver&, uint8_t*, size_t, tflite::MicroResourceVariables*, tflite::MicroProfilerInterface*, bool)	32	static
/Users/entropy/pico2w-tfm-tflm/lib/tflm_lib/tensorflow/lite/micro/micro_interpreter.cc:67:1:tflite::MicroInterpreter::MicroInterpreter(const tflite::Model*, const tflite::MicroOpResolver&, tflite::MicroAllocator*, tflite::MicroResourceVariables*, tflite::MicroProfilerInterface*)	32	static
/Users/entropy/pico2w-tfm-tflm/lib/tflm_lib/tensorflow/lite/micro/micro_interpreter.cc:323:19:TfLiteEvalTensor* tflite::MicroInterpreter::GetTensor(int, int)	24	static
/Users/entropy/pico2w-tfm-tflm/lib/tflm_lib/third_party/flatbuffers/include/flatbuffers/vector.h:175:15:flatbuffers::Vector<T, SizeT>::return_type flatbuffers::Vector<T, SizeT>::Get(SizeT) const [with T = long int; SizeT = long unsigned int]	8	static
/Users/entropy/pico2w-tfm-tflm/lib/tflm_lib/third_party/flatbuffers/include/flatbuffers/vector.h:175:15:flatbuffers::Vector<T, SizeT>::return_type flatbuffers::Vector<T, SizeT>::Get(SizeT) const [with T = flatbuffers::Offset<tflite::SubGraph>; SizeT = long unsigned int]	8	static
/Users/entropy/pico2w-tfm-tflm/lib/tflm_lib/third_party/flatbuffers/include/flatbuffers/table.h:51:5:P flatbuffers::Table::GetPointer(flatbuffers::voffset_t) [with P = const flatbuffers::Vector<long int>*; OffsetSize = long unsigned int]	8	static
/Users/entropy/pico2w-tfm-tflm/lib/tflm_lib/./tensorflow/lite/micro/micro_interpreter.h:90:10:size_t tflite::MicroInterpreter::inputs_size() const	8	static
/Users/entropy/pico2w-tfm-tflm/lib/tflm_lib/tensorflow/lite/micro/micro_interpreter.cc:297:15:TfLiteTensor* tflite::MicroInterpreter::input(size_t)	16	static
/Users/entropy/pico2w-tfm-tflm/lib/tflm_lib/./tensorflow/lite/micro/micro_interpreter.h:108:10:size_t tflite::MicroInterpreter::outputs_size() const	8	static
/Users/entropy/pico2w-tfm-tflm/lib/tflm_lib/tensorflow/lite/micro/micro_interpreter.cc:306:15:TfLiteTensor* tflite::MicroInterpreter::output(size_t)	16	static
/Users/entropy/pico2w-tfm-tflm/lib/tflm_lib/tensorflow/lite/micro/micro_interpreter.cc:84:1:tflite::MicroInterpreter::~MicroInterpreter()	16	static
/Users/entropy/pico2w-tfm-tflm/lib/tflm_lib/tensorflow/lite/micro/micro_interpreter.cc:107:14:TfLiteStatus tflite::MicroInterpreter::PrepareNodeAndRegistrationDataFromFlatbuffer()	80	static
/Users/entropy/pico2w-tfm-tflm/lib/tflm_lib/tensorflow/lite/micro/micro_interpreter.cc:315:14:TfLiteStatus tflite::MicroInterpreter::Reset()	8	static
/Users/entropy/pico2w-tfm-tflm/lib/tflm_lib/tensorflow/lite/micro/micro_interpreter.cc:200:14:TfLiteStatus tflite::MicroInterpreter::AllocateTensors()	56	static
/Users/entropy/pico2w-tfm-tflm/lib/tflm_lib/tensorflow/lite/micro/micro_interpreter.cc:283:14:TfLiteStatus tflite::MicroInterpreter::Invoke()	8	static
/Users/entropy/pico2w-tfm-tflm/lib/tflm_lib/tensorflow/lite/micro/micro_interpreter.cc:332:14:TfLiteStatus tflite::MicroInterpreter::SetMicroExternalContext(void*)	0	static
/Users/entropy/pico2w-tfm-tflm/lib/tflm_lib/tensorflow/lite/micro/micro_interpreter.cc:337:14:TfLiteStatus tflite::MicroInterpreter::SetAlternateProfiler(tflite::MicroProfilerInterface*)	0	static
