/Users/entropy/pico2w-tfm-tflm/lib/tflm_lib/signal/micro/kernels/irfft.cc:116:14:TfLiteStatus tflite::{anonymous}::IrfftEval(TfLiteContext*, TfLiteNode*) [with T = short int; void (* apply_func)(void*, const Complex<T>*, T*) = tflite::tflm_signal::IrfftInt16Apply]	24	static
/Users/entropy/pico2w-tfm-tflm/lib/tflm_lib/signal/micro/kernels/irfft.cc:116:14:TfLiteStatus tflite::{anonymous}::IrfftEval(TfLiteContext*, TfLiteNode*) [with T = long int; void (* apply_func)(void*, const Complex<T>*, T*) = tflite::tflm_signal::IrfftInt32Apply]	24	static
/Users/entropy/pico2w-tfm-tflm/lib/tflm_lib/signal/micro/kernels/irfft.cc:116:14:TfLiteStatus tflite::{anonymous}::IrfftEval(TfLiteContext*, TfLiteNode*) [with T = float; void (* apply_func)(void*, const Complex<T>*, T*) = tflite::tflm_signal::IrfftFloatApply]	24	static
/Users/entropy/pico2w-tfm-tflm/lib/tflm_lib/signal/micro/kernels/irfft.cc:178:14:TfLiteStatus tflite::{anonymous}::IrfftEvalAll(TfLiteContext*, TfLiteNode*)	8	static
/Users/entropy/pico2w-tfm-tflm/lib/tflm_lib/third_party/flatbuffers/include/flatbuffers/flexbuffers.h:871:26:int flexbuffers::KeyCompare(const void*, const void*) [with T = unsigned char]	0	static
/Users/entropy/pico2w-tfm-tflm/lib/tflm_lib/third_party/flatbuffers/include/flatbuffers/flexbuffers.h:871:26:int flexbuffers::KeyCompare(const void*, const void*) [with T = short unsigned int]	0	static
/Users/entropy/pico2w-tfm-tflm/lib/tflm_lib/third_party/flatbuffers/include/flatbuffers/flexbuffers.h:871:26:int flexbuffers::KeyCompare(const void*, const void*) [with T = long unsigned int]	0	static
/Users/entropy/pico2w-tfm-tflm/lib/tflm_lib/third_party/flatbuffers/include/flatbuffers/flexbuffers.h:871:26:int flexbuffers::KeyCompare(const void*, const void*) [with T = long long unsigned int]	0	static
/Users/entropy/pico2w-tfm-tflm/lib/tflm_lib/signal/micro/kernels/irfft.cc:53:7:void* tflite::{anonymous}::IrfftInit(TfLiteContext*, const char*, size_t) [with T = short int; size_t (* get_needed_memory_func)(int32_t) = tflite::tflm_signal::IrfftInt16GetNeededMemory; void* (* init_func)(int32_t, void*, size_t) = tflite::tflm_signal::IrfftInt16Init]	40	static
/Users/entropy/pico2w-tfm-tflm/lib/tflm_lib/signal/micro/kernels/irfft.cc:53:7:void* tflite::{anonymous}::IrfftInit(TfLiteContext*, const char*, size_t) [with T = long int; size_t (* get_needed_memory_func)(int32_t) = tflite::tflm_signal::IrfftInt32GetNeededMemory; void* (* init_func)(int32_t, void*, size_t) = tflite::tflm_signal::IrfftInt32Init]	40	static
/Users/entropy/pico2w-tfm-tflm/lib/tflm_lib/signal/micro/kernels/irfft.cc:53:7:void* tflite::{anonymous}::IrfftInit(TfLiteContext*, const char*, size_t) [with T = float; size_t (* get_needed_memory_func)(int32_t) = tflite::tflm_signal::IrfftFloatGetNeededMemory; void* (* init_func)(int32_t, void*, size_t) = tflite::tflm_signal::IrfftFloatInit]	40	static
/Users/entropy/pico2w-tfm-tflm/lib/tflm_lib/./tensorflow/lite/kernels/internal/runtime_shape.h:67:11:int32_t tflite::RuntimeShape::Dims(int) const	8	static
/Users/entropy/pico2w-tfm-tflm/lib/tflm_lib/./tensorflow/lite/kernels/internal/runtime_shape.h:96:7:int tflite::RuntimeShape::FlatSize() const	8	static
/Users/entropy/pico2w-tfm-tflm/lib/tflm_lib/signal/micro/kernels/irfft.cc:82:14:TfLiteStatus tflite::{anonymous}::IrfftPrepare(TfLiteContext*, TfLiteNode*) [with TfLiteType TfLiteTypeEnum = kTfLiteInt16]	104	static
/Users/entropy/pico2w-tfm-tflm/lib/tflm_lib/signal/micro/kernels/irfft.cc:82:14:TfLiteStatus tflite::{anonymous}::IrfftPrepare(TfLiteContext*, TfLiteNode*) [with TfLiteType TfLiteTypeEnum = kTfLiteInt32]	104	static
/Users/entropy/pico2w-tfm-tflm/lib/tflm_lib/signal/micro/kernels/irfft.cc:82:14:TfLiteStatus tflite::{anonymous}::IrfftPrepare(TfLiteContext*, TfLiteNode*) [with TfLiteType TfLiteTypeEnum = kTfLiteFloat32]	104	static
/Users/entropy/pico2w-tfm-tflm/lib/tflm_lib/signal/micro/kernels/irfft.cc:159:14:TfLiteStatus tflite::{anonymous}::IrfftPrepareAll(TfLiteContext*, TfLiteNode*)	0	static
/Users/entropy/pico2w-tfm-tflm/lib/tflm_lib/third_party/flatbuffers/include/flatbuffers/util.h:394:16:int64_t flatbuffers::StringToInt(const char*, int)	24	static
/Users/entropy/pico2w-tfm-tflm/lib/tflm_lib/signal/micro/kernels/irfft.cc:202:19:TFLMRegistration* tflite::tflm_signal::Register_IRFFT()	16	static
/Users/entropy/pico2w-tfm-tflm/lib/tflm_lib/signal/micro/kernels/irfft.cc:208:19:TFLMRegistration* tflite::tflm_signal::Register_IRFFT_FLOAT()	16	static
/Users/entropy/pico2w-tfm-tflm/lib/tflm_lib/signal/micro/kernels/irfft.cc:215:19:TFLMRegistration* tflite::tflm_signal::Register_IRFFT_INT16()	16	static
/Users/entropy/pico2w-tfm-tflm/lib/tflm_lib/signal/micro/kernels/irfft.cc:222:19:TFLMRegistration* tflite::tflm_signal::Register_IRFFT_INT32()	16	static
/Users/entropy/pico2w-tfm-tflm/lib/tflm_lib/third_party/flatbuffers/include/flatbuffers/flexbuffers.h:139:3:R flexbuffers::ReadSizedScalar(const uint8_t*, uint8_t) [with R = long long int; T1 = signed char; T2 = short int; T4 = long int; T8 = long long int]	0	static
/Users/entropy/pico2w-tfm-tflm/lib/tflm_lib/third_party/flatbuffers/include/flatbuffers/flexbuffers.h:139:3:R flexbuffers::ReadSizedScalar(const uint8_t*, uint8_t) [with R = long long unsigned int; T1 = unsigned char; T2 = short unsigned int; T4 = long unsigned int; T8 = long long unsigned int]	0	static
/Users/entropy/pico2w-tfm-tflm/lib/tflm_lib/third_party/flatbuffers/include/flatbuffers/flexbuffers.h:765:18:const uint8_t* flexbuffers::Reference::Indirect() const	8	static
/Users/entropy/pico2w-tfm-tflm/lib/tflm_lib/third_party/flatbuffers/include/flatbuffers/flexbuffers.h:233:10:size_t flexbuffers::Sized::read_size() const	8	static
/Users/entropy/pico2w-tfm-tflm/lib/tflm_lib/third_party/flatbuffers/include/flatbuffers/flexbuffers.h:425:11:int64_t flexbuffers::Reference::AsInt64() const	24	static
/Users/entropy/pico2w-tfm-tflm/lib/tflm_lib/third_party/flatbuffers/include/flatbuffers/flexbuffers.h:878:18:flexbuffers::Reference flexbuffers::Map::operator[](const char*) const	56	static
/Users/entropy/pico2w-tfm-tflm/lib/tflm_lib/signal/micro/kernels/irfft.cc:136:7:void* tflite::{anonymous}::IrfftInitAll(TfLiteContext*, const char*, size_t)	48	static
