/Users/entropy/pico2w-tfm-tflm/lib/tflm_lib/signal/micro/kernels/overlap_add.cc:51:6:void tflite::{anonymous}::OverlapAddResetState(TFLMSignalOverlapAddParams<T>*) [with T = short int]	16	static
/Users/entropy/pico2w-tfm-tflm/lib/tflm_lib/signal/micro/kernels/overlap_add.cc:148:6:void tflite::{anonymous}::OverlapAddReset(TfLiteContext*, void*) [with T = short int]	0	static
/Users/entropy/pico2w-tfm-tflm/lib/tflm_lib/signal/micro/kernels/overlap_add.cc:51:6:void tflite::{anonymous}::OverlapAddResetState(TFLMSignalOverlapAddParams<T>*) [with T = float]	16	static
/Users/entropy/pico2w-tfm-tflm/lib/tflm_lib/signal/micro/kernels/overlap_add.cc:148:6:void tflite::{anonymous}::OverlapAddReset(TfLiteContext*, void*) [with T = float]	0	static
/Users/entropy/pico2w-tfm-tflm/lib/tflm_lib/signal/micro/kernels/overlap_add.cc:202:6:void tflite::{anonymous}::OverlapAddResetAll(TfLiteContext*, void*)	0	static
/Users/entropy/pico2w-tfm-tflm/lib/tflm_lib/signal/micro/kernels/overlap_add.cc:124:14:TfLiteStatus tflite::{anonymous}::OverlapAddEval(TfLiteContext*, TfLiteNode*) [with T = short int]	40	static
/Users/entropy/pico2w-tfm-tflm/lib/tflm_lib/signal/micro/kernels/overlap_add.cc:124:14:TfLiteStatus tflite::{anonymous}::OverlapAddEval(TfLiteContext*, TfLiteNode*) [with T = float]	40	static
/Users/entropy/pico2w-tfm-tflm/lib/tflm_lib/signal/micro/kernels/overlap_add.cc:186:14:TfLiteStatus tflite::{anonymous}::OverlapAddEvalAll(TfLiteContext*, TfLiteNode*)	8	static
/Users/entropy/pico2w-tfm-tflm/lib/tflm_lib/third_party/flatbuffers/include/flatbuffers/flexbuffers.h:871:26:int flexbuffers::KeyCompare(const void*, const void*) [with T = unsigned char]	0	static
/Users/entropy/pico2w-tfm-tflm/lib/tflm_lib/third_party/flatbuffers/include/flatbuffers/flexbuffers.h:871:26:int flexbuffers::KeyCompare(const void*, const void*) [with T = short unsigned int]	0	static
/Users/entropy/pico2w-tfm-tflm/lib/tflm_lib/third_party/flatbuffers/include/flatbuffers/flexbuffers.h:871:26:int flexbuffers::KeyCompare(const void*, const void*) [with T = long unsigned int]	0	static
/Users/entropy/pico2w-tfm-tflm/lib/tflm_lib/third_party/flatbuffers/include/flatbuffers/flexbuffers.h:871:26:int flexbuffers::KeyCompare(const void*, const void*) [with T = long long unsigned int]	0	static
/Users/entropy/pico2w-tfm-tflm/lib/tflm_lib/signal/micro/kernels/overlap_add.cc:58:7:void* tflite::{anonymous}::OverlapAddInit(TfLiteContext*, const char*, size_t) [with T = short int]	32	static
/Users/entropy/pico2w-tfm-tflm/lib/tflm_lib/signal/micro/kernels/overlap_add.cc:58:7:void* tflite::{anonymous}::OverlapAddInit(TfLiteContext*, const char*, size_t) [with T = float]	32	static
/Users/entropy/pico2w-tfm-tflm/lib/tflm_lib/signal/micro/kernels/overlap_add.cc:77:14:TfLiteStatus tflite::{anonymous}::OverlapAddPrepare(TfLiteContext*, TfLiteNode*) [with T = float; TfLiteType TfLiteTypeEnum = kTfLiteFloat32]	112	static
/Users/entropy/pico2w-tfm-tflm/lib/tflm_lib/signal/micro/kernels/overlap_add.cc:77:14:TfLiteStatus tflite::{anonymous}::OverlapAddPrepare(TfLiteContext*, TfLiteNode*) [with T = short int; TfLiteType TfLiteTypeEnum = kTfLiteInt16]	104	static
/Users/entropy/pico2w-tfm-tflm/lib/tflm_lib/signal/micro/kernels/overlap_add.cc:170:14:TfLiteStatus tflite::{anonymous}::OverlapAddPrepareAll(TfLiteContext*, TfLiteNode*)	0	static
/Users/entropy/pico2w-tfm-tflm/lib/tflm_lib/third_party/flatbuffers/include/flatbuffers/util.h:394:16:int64_t flatbuffers::StringToInt(const char*, int)	24	static
/Users/entropy/pico2w-tfm-tflm/lib/tflm_lib/signal/micro/kernels/overlap_add.cc:222:19:TFLMRegistration* tflite::tflm_signal::Register_OVERLAP_ADD()	16	static
/Users/entropy/pico2w-tfm-tflm/lib/tflm_lib/signal/micro/kernels/overlap_add.cc:229:19:TFLMRegistration* tflite::tflm_signal::Register_OVERLAP_ADD_FLOAT()	16	static
/Users/entropy/pico2w-tfm-tflm/lib/tflm_lib/signal/micro/kernels/overlap_add.cc:236:19:TFLMRegistration* tflite::tflm_signal::Register_OVERLAP_ADD_INT16()	16	static
/Users/entropy/pico2w-tfm-tflm/lib/tflm_lib/third_party/flatbuffers/include/flatbuffers/flexbuffers.h:139:3:R flexbuffers::ReadSizedScalar(const uint8_t*, uint8_t) [with R = long long int; T1 = signed char; T2 = short int; T4 = long int; T8 = long long int]	0	static
/Users/entropy/pico2w-tfm-tflm/lib/tflm_lib/third_party/flatbuffers/include/flatbuffers/flexbuffers.h:139:3:R flexbuffers::ReadSizedScalar(const uint8_t*, uint8_t) [with R = long long unsigned int; T1 = unsigned char; T2 = short unsigned int; T4 = long unsigned int; T8 = long long unsigned int]	0	static
/Users/entropy/pico2w-tfm-tflm/lib/tflm_lib/third_party/flatbuffers/include/flatbuffers/flexbuffers.h:765:18:const uint8_t* flexbuffers::Reference::Indirect() const	8	static
/Users/entropy/pico2w-tfm-tflm/lib/tflm_lib/third_party/flatbuffers/include/flatbuffers/flexbuffers.h:233:10:size_t flexbuffers::Sized::read_size() const	8	static
/Users/entropy/pico2w-tfm-tflm/lib/tflm_lib/third_party/flatbuffers/include/flatbuffers/flexbuffers.h:425:11:int64_t flexbuffers::Reference::AsInt64() const	24	static
/Users/entropy/pico2w-tfm-tflm/lib/tflm_lib/third_party/flatbuffers/include/flatbuffers/flexbuffers.h:878:18:flexbuffers::Reference flexbuffers::Map::operator[](const char*) const	56	static
/Users/entropy/pico2w-tfm-tflm/lib/tflm_lib/signal/micro/kernels/overlap_add.cc:152:7:void* tflite::{anonymous}::OverlapAddInitAll(TfLiteContext*, const char*, size_t)	48	static
