/Users/entropy/pico2w-tfm-tflm/lib/tflm_lib/signal/micro/kernels/rfft.cc:112:14:TfLiteStatus tflite::{anonymous}::RfftEval(TfLiteContext*, TfLiteNode*) [with T = short int; void (* apply_func)(void*, const T*, Complex<T>*) = tflm_signal::RfftInt16Apply]	32	static
/Users/entropy/pico2w-tfm-tflm/lib/tflm_lib/signal/micro/kernels/rfft.cc:112:14:TfLiteStatus tflite::{anonymous}::RfftEval(TfLiteContext*, TfLiteNode*) [with T = long int; void (* apply_func)(void*, const T*, Complex<T>*) = tflm_signal::RfftInt32Apply]	32	static
/Users/entropy/pico2w-tfm-tflm/lib/tflm_lib/signal/micro/kernels/rfft.cc:112:14:TfLiteStatus tflite::{anonymous}::RfftEval(TfLiteContext*, TfLiteNode*) [with T = float; void (* apply_func)(void*, const T*, Complex<T>*) = tflm_signal::RfftFloatApply]	32	static
/Users/entropy/pico2w-tfm-tflm/lib/tflm_lib/signal/micro/kernels/rfft.cc:182:14:TfLiteStatus tflite::{anonymous}::RfftEvalAll(TfLiteContext*, TfLiteNode*)	8	static
/Users/entropy/pico2w-tfm-tflm/lib/tflm_lib/third_party/flatbuffers/include/flatbuffers/flexbuffers.h:871:26:int flexbuffers::KeyCompare(const void*, const void*) [with T = unsigned char]	0	static
/Users/entropy/pico2w-tfm-tflm/lib/tflm_lib/third_party/flatbuffers/include/flatbuffers/flexbuffers.h:871:26:int flexbuffers::KeyCompare(const void*, const void*) [with T = short unsigned int]	0	static
/Users/entropy/pico2w-tfm-tflm/lib/tflm_lib/third_party/flatbuffers/include/flatbuffers/flexbuffers.h:871:26:int flexbuffers::KeyCompare(const void*, const void*) [with T = long unsigned int]	0	static
/Users/entropy/pico2w-tfm-tflm/lib/tflm_lib/third_party/flatbuffers/include/flatbuffers/flexbuffers.h:871:26:int flexbuffers::KeyCompare(const void*, const void*) [with T = long long unsigned int]	0	static
/Users/entropy/pico2w-tfm-tflm/lib/tflm_lib/signal/micro/kernels/rfft.cc:57:7:void* tflite::{anonymous}::RfftInit(TfLiteContext*, const char*, size_t) [with T = short int; size_t (* get_needed_memory_func)(int32_t) = tflm_signal::RfftInt16GetNeededMemory; void* (* init_func)(int32_t, void*, size_t) = tflm_signal::RfftInt16Init]	40	static
/Users/entropy/pico2w-tfm-tflm/lib/tflm_lib/signal/micro/kernels/rfft.cc:57:7:void* tflite::{anonymous}::RfftInit(TfLiteContext*, const char*, size_t) [with T = long int; size_t (* get_needed_memory_func)(int32_t) = tflm_signal::RfftInt32GetNeededMemory; void* (* init_func)(int32_t, void*, size_t) = tflm_signal::RfftInt32Init]	40	static
/Users/entropy/pico2w-tfm-tflm/lib/tflm_lib/signal/micro/kernels/rfft.cc:57:7:void* tflite::{anonymous}::RfftInit(TfLiteContext*, const char*, size_t) [with T = float; size_t (* get_needed_memory_func)(int32_t) = tflm_signal::RfftFloatGetNeededMemory; void* (* init_func)(int32_t, void*, size_t) = tflm_signal::RfftFloatInit]	40	static
/Users/entropy/pico2w-tfm-tflm/lib/tflm_lib/./tensorflow/lite/kernels/internal/runtime_shape.h:67:11:int32_t tflite::RuntimeShape::Dims(int) const	8	static
/Users/entropy/pico2w-tfm-tflm/lib/tflm_lib/./tensorflow/lite/kernels/internal/runtime_shape.h:96:7:int tflite::RuntimeShape::FlatSize() const	8	static
/Users/entropy/pico2w-tfm-tflm/lib/tflm_lib/signal/micro/kernels/rfft.cc:77:14:TfLiteStatus tflite::{anonymous}::RfftPrepare(TfLiteContext*, TfLiteNode*) [with T = short int; TfLiteType TfLiteTypeEnum = kTfLiteInt16]	104	static
/Users/entropy/pico2w-tfm-tflm/lib/tflm_lib/signal/micro/kernels/rfft.cc:77:14:TfLiteStatus tflite::{anonymous}::RfftPrepare(TfLiteContext*, TfLiteNode*) [with T = long int; TfLiteType TfLiteTypeEnum = kTfLiteInt32]	104	static
/Users/entropy/pico2w-tfm-tflm/lib/tflm_lib/signal/micro/kernels/rfft.cc:77:14:TfLiteStatus tflite::{anonymous}::RfftPrepare(TfLiteContext*, TfLiteNode*) [with T = float; TfLiteType TfLiteTypeEnum = kTfLiteFloat32]	104	static
/Users/entropy/pico2w-tfm-tflm/lib/tflm_lib/signal/micro/kernels/rfft.cc:163:14:TfLiteStatus tflite::{anonymous}::RfftPrepareAll(TfLiteContext*, TfLiteNode*)	0	static
/Users/entropy/pico2w-tfm-tflm/lib/tflm_lib/third_party/flatbuffers/include/flatbuffers/util.h:394:16:int64_t flatbuffers::StringToInt(const char*, int)	24	static
/Users/entropy/pico2w-tfm-tflm/lib/tflm_lib/signal/micro/kernels/rfft.cc:205:19:TFLMRegistration* tflite::tflm_signal::Register_RFFT()	16	static
/Users/entropy/pico2w-tfm-tflm/lib/tflm_lib/signal/micro/kernels/rfft.cc:211:19:TFLMRegistration* tflite::tflm_signal::Register_RFFT_FLOAT()	16	static
/Users/entropy/pico2w-tfm-tflm/lib/tflm_lib/signal/micro/kernels/rfft.cc:220:19:TFLMRegistration* tflite::tflm_signal::Register_RFFT_INT16()	16	static
/Users/entropy/pico2w-tfm-tflm/lib/tflm_lib/signal/micro/kernels/rfft.cc:229:19:TFLMRegistration* tflite::tflm_signal::Register_RFFT_INT32()	16	static
/Users/entropy/pico2w-tfm-tflm/lib/tflm_lib/third_party/flatbuffers/include/flatbuffers/flexbuffers.h:139:3:R flexbuffers::ReadSizedScalar(const uint8_t*, uint8_t) [with R = long long int; T1 = signed char; T2 = short int; T4 = long int; T8 = long long int]	0	static
/Users/entropy/pico2w-tfm-tflm/lib/tflm_lib/third_party/flatbuffers/include/flatbuffers/flexbuffers.h:139:3:R flexbuffers::ReadSizedScalar(const uint8_t*, uint8_t) [with R = long long unsigned int; T1 = unsigned char; T2 = short unsigned int; T4 = long unsigned int; T8 = long long unsigned int]	0	static
/Users/entropy/pico2w-tfm-tflm/lib/tflm_lib/third_party/flatbuffers/include/flatbuffers/flexbuffers.h:765:18:const uint8_t* flexbuffers::Reference::Indirect() const	8	static
/Users/entropy/pico2w-tfm-tflm/lib/tflm_lib/third_party/flatbuffers/include/flatbuffers/flexbuffers.h:233:10:size_t flexbuffers::Sized::read_size() const	8	static
/Users/entropy/pico2w-tfm-tflm/lib/tflm_lib/third_party/flatbuffers/include/flatbuffers/flexbuffers.h:425:11:int64_t flexbuffers::Reference::AsInt64() const	24	static
/Users/entropy/pico2w-tfm-tflm/lib/tflm_lib/third_party/flatbuffers/include/flatbuffers/flexbuffers.h:878:18:flexbuffers::Reference flexbuffers::Map::operator[](const char*) const	56	static
/Users/entropy/pico2w-tfm-tflm/lib/tflm_lib/signal/micro/kernels/rfft.cc:140:7:void* tflite::{anonymous}::RfftInitAll(TfLiteContext*, const char*, size_t)	48	static
