/Users/entropy/pico2w-tfm-tflm/lib/tflm_lib/signal/micro/kernels/stacker.cc:160:6:void tflite::{anonymous}::StackerReset(TfLiteContext*, void*)	8	static
/Users/entropy/pico2w-tfm-tflm/lib/tflm_lib/signal/micro/kernels/stacker.cc:121:14:TfLiteStatus tflite::{anonymous}::StackerEval(TfLiteContext*, TfLiteNode*)	32	static
/Users/entropy/pico2w-tfm-tflm/lib/tflm_lib/signal/micro/kernels/stacker.cc:55:7:void* tflite::{anonymous}::StackerInit(TfLiteContext*, const char*, size_t)	40	static
/Users/entropy/pico2w-tfm-tflm/lib/tflm_lib/signal/micro/kernels/stacker.cc:91:14:TfLiteStatus tflite::{anonymous}::StackerPrepare(TfLiteContext*, TfLiteNode*)	48	static
/Users/entropy/pico2w-tfm-tflm/lib/tflm_lib/signal/micro/kernels/stacker.cc:169:19:TFLMRegistration* tflite::tflm_signal::Register_STACKER()	16	static
