/Users/entropy/pico2w-tfm-tflm/lib/tflm_lib/tensorflow/lite/kernels/kernel_util.cc:56:21:TfLiteStatus tflite::{anonymous}::ValidateTensorIndexingSafe(const TfLiteContext*, int, int, const int*, int*)	16	static
/Users/entropy/pico2w-tfm-tflm/lib/tflm_lib/tensorflow/lite/kernels/kernel_util.cc:46:22:TfLiteTensor* tflite::{anonymous}::GetTensorAtIndex(const TfLiteContext*, int)	4	static
/Users/entropy/pico2w-tfm-tflm/lib/tflm_lib/tensorflow/lite/kernels/kernel_util.cc:344:21:TfLiteStatus tflite::{anonymous}::Quantize(TfLiteContext*, float, int32_t, float, int32_t&)	24	static
/Users/entropy/pico2w-tfm-tflm/lib/tflm_lib/tensorflow/lite/kernels/kernel_util.cc:90:22:TfLiteTensor* tflite::{anonymous}::GetMutableInput(const TfLiteContext*, const TfLiteNode*, int)	0	static
/Users/entropy/pico2w-tfm-tflm/lib/tflm_lib/tensorflow/lite/kernels/kernel_util.cc:113:21:const TfLiteTensor* tflite::GetInput(const TfLiteContext*, const TfLiteNode*, int)	0	static
/Users/entropy/pico2w-tfm-tflm/lib/tflm_lib/tensorflow/lite/kernels/kernel_util.cc:118:14:TfLiteStatus tflite::GetInputSafe(const TfLiteContext*, const TfLiteNode*, int, const TfLiteTensor**)	32	static
/Users/entropy/pico2w-tfm-tflm/lib/tflm_lib/tensorflow/lite/kernels/kernel_util.cc:123:15:TfLiteTensor* tflite::GetVariableInput(TfLiteContext*, const TfLiteNode*, int)	8	static
/Users/entropy/pico2w-tfm-tflm/lib/tflm_lib/tensorflow/lite/kernels/kernel_util.cc:130:15:TfLiteTensor* tflite::GetOutput(TfLiteContext*, const TfLiteNode*, int)	0	static
/Users/entropy/pico2w-tfm-tflm/lib/tflm_lib/tensorflow/lite/kernels/kernel_util.cc:140:14:TfLiteStatus tflite::GetOutputSafe(const TfLiteContext*, const TfLiteNode*, int, TfLiteTensor**)	32	static
/Users/entropy/pico2w-tfm-tflm/lib/tflm_lib/tensorflow/lite/kernels/kernel_util.cc:150:21:const TfLiteTensor* tflite::GetOptionalInputTensor(const TfLiteContext*, const TfLiteNode*, int)	0	static
/Users/entropy/pico2w-tfm-tflm/lib/tflm_lib/tensorflow/lite/kernels/kernel_util.cc:329:14:TfLiteStatus tflite::GetQuantizedConvolutionMultipler(TfLiteContext*, const TfLiteTensor*, const TfLiteTensor*, TfLiteTensor*, double*)	24	static
/Users/entropy/pico2w-tfm-tflm/lib/tflm_lib/tensorflow/lite/kernels/kernel_util.cc:292:14:TfLiteStatus tflite::GetQuantizedConvolutionMultipler(TfLiteContext*, const TfLiteTensor*, const TfLiteTensor*, const TfLiteTensor*, TfLiteTensor*, double*)	48	static
/Users/entropy/pico2w-tfm-tflm/lib/tflm_lib/tensorflow/lite/kernels/kernel_util.cc:389:14:TfLiteStatus tflite::CalculateActivationRangeQuantized(TfLiteContext*, TfLiteFusedActivation, TfLiteTensor*, int32_t*, int32_t*)	56	static
/Users/entropy/pico2w-tfm-tflm/lib/tflm_lib/tensorflow/lite/kernels/kernel_util.cc:215:14:TfLiteStatus tflite::PopulateConvolutionQuantizationParams(TfLiteContext*, const TfLiteTensor*, const TfLiteTensor*, const TfLiteTensor*, TfLiteTensor*, const TfLiteFusedActivation&, int32_t*, int*, int32_t*, int32_t*, int32_t*, int32_t*, int)	136	static
/Users/entropy/pico2w-tfm-tflm/lib/tflm_lib/tensorflow/lite/kernels/kernel_util.cc:200:14:TfLiteStatus tflite::PopulateConvolutionQuantizationParams(TfLiteContext*, const TfLiteTensor*, const TfLiteTensor*, const TfLiteTensor*, TfLiteTensor*, const TfLiteFusedActivation&, int32_t*, int*, int32_t*, int32_t*, int32_t*, int32_t*)	48	static
/Users/entropy/pico2w-tfm-tflm/lib/tflm_lib/tensorflow/lite/kernels/kernel_util.cc:413:6:bool tflite::HaveSameShapes(const TfLiteTensor*, const TfLiteTensor*)	8	static
/Users/entropy/pico2w-tfm-tflm/lib/tflm_lib/tensorflow/lite/kernels/kernel_util.cc:530:5:int tflite::TfLiteTypeGetSize(TfLiteType)	0	static
/Users/entropy/pico2w-tfm-tflm/lib/tflm_lib/tensorflow/lite/kernels/kernel_util.cc:578:6:bool tflite::IsMobilePlatform()	0	static
/Users/entropy/pico2w-tfm-tflm/lib/tflm_lib/tensorflow/lite/kernels/kernel_util.cc:588:6:bool tflite::HasUnspecifiedDimension(const TfLiteTensor*)	0	static
